// Jest Snapshot v1, https://goo.gl/fbAQLP

exports[`(Components) ConfirmDeleteModal Should render component properly 1`] = `
<Modal
  animation={true}
  autoFocus={true}
  backdrop={true}
  bsClass="modal"
  dialogComponentClass={[Function]}
  enforceFocus={true}
  keyboard={true}
  manager={
    ModalManager {
      "add": [Function],
      "containers": Array [],
      "data": Array [],
      "handleContainerOverflow": true,
      "hideSiblingNodes": true,
      "isTopModal": [Function],
      "modals": Array [],
      "remove": [Function],
    }
  }
  onHide={[Function]}
  renderBackdrop={[Function]}
  restoreFocus={true}
  show={true}
>
  <ModalHeader
    bsClass="modal-header"
    closeButton={true}
    closeLabel="Close"
  >
    <ModalTitle
      bsClass="modal-title"
      componentClass="h4"
    >
      Delete 
      ITEM
    </ModalTitle>
  </ModalHeader>
  <ModalBody
    bsClass="modal-body"
    componentClass="div"
  >
    <div>
      Are you sure you want to delete this awesome 
      item
      ?
    </div>
  </ModalBody>
  <ModalFooter
    bsClass="modal-footer"
    componentClass="div"
  >
    <button
      className="btn btn-default"
      onClick={[Function]}
    >
      Close
    </button>
    <button
      className="btn btn-danger"
      onClick={[Function]}
    >
      Delete
    </button>
  </ModalFooter>
</Modal>
`;
