// Jest Snapshot v1, https://goo.gl/fbAQLP

exports[`(Layout) CoreLayout Should render CoreLayout properly 1`] = `
<div>
  <Connect(_class2) />
  <div
    className="col-xs-12"
  />
</div>
`;
