// Jest Snapshot v1, https://goo.gl/fbAQLP

exports[`(Components) Spinner Should render component properly 1`] = `<Spinner />`;
